Microchip MPLAB XC8 Compiler V1.30 ()

Linker command line:

--edf=D:\Program Files (x86)\Microchip\xc8\v1.30\dat\en_msgs.txt -cs \
  -h+FCCS-DBoard-test.sym --cmf=FCCS-DBoard-test.cmf -z -Q16F1946 \
  -oC:\Users\ADMINI~1\AppData\Local\Temp\s718.6 -MFCCS-DBoard-test.map -E1 \
  -ver=XC8 -ASTACK=02050h-02127h -pstack=STACK -ACONST=00h-0FFhx32 \
  -ACODE=00h-07FFhx4 -ASTRCODE=00h-01FFFh -AENTRY=00h-0FFhx32 \
  -ASTRING=00h-0FFhx32 -ACOMMON=070h-07Fh -ABANK0=020h-06Fh \
  -ABANK1=0A0h-0EFh -ABANK2=0120h-016Fh -ABANK3=01A0h-01EFh \
  -ABANK4=0220h-026Fh -ABANK5=02A0h-02EFh -ABANK6=0320h-032Fh \
  -ABIGRAM=02000h-021EFh \
  -ARAM=020h-06Fh,0A0h-0EFh,0120h-016Fh,01A0h-01EFh,0220h-026Fh,02A0h-02EFh,0320h-032Fh \
  -AABS1=020h-07Fh,0A0h-0EFh,0120h-016Fh,01A0h-01EFh,0220h-026Fh,02A0h-02EFh,0320h-032Fh \
  -ASFR0=00h-01Fh -ASFR1=080h-09Fh -ASFR2=0100h-011Fh -ASFR3=0180h-019Fh \
  -ASFR4=0200h-021Fh -ASFR5=0280h-029Fh -ASFR6=0300h-031Fh \
  -ASFR7=0380h-03EFh -ASFR8=0400h-046Fh -ASFR9=0480h-04EFh \
  -ASFR10=0500h-056Fh -ASFR11=0580h-05EFh -ASFR12=0600h-066Fh \
  -ASFR13=0680h-06EFh -ASFR14=0700h-076Fh -ASFR15=0780h-07EFh \
  -ASFR16=0800h-086Fh -ASFR17=0880h-08EFh -ASFR18=0900h-096Fh \
  -ASFR19=0980h-09EFh -ASFR20=0A00h-0A6Fh -ASFR21=0A80h-0AEFh \
  -ASFR22=0B00h-0B6Fh -ASFR23=0B80h-0BEFh -ASFR24=0C00h-0C6Fh \
  -ASFR25=0C80h-0CEFh -ASFR26=0D00h-0D6Fh -ASFR27=0D80h-0DEFh \
  -ASFR28=0E00h-0E6Fh -ASFR29=0E80h-0EEFh -ASFR30=0F00h-0F6Fh \
  -ASFR31=0F80h-0FEFh -preset_vec=00h,intentry=04h,init,end_init \
  -ppowerup=CODE -pcinit=CODE -pfunctab=CODE -ACONFIG=08007h-08008h \
  -pconfig=CONFIG -DCONFIG=2 -AIDLOC=08000h-08003h -pidloc=IDLOC -DIDLOC=2 \
  -AEEDATA=00h-0FFh/0F000h -peeprom_data=EEDATA -DEEDATA=2 -DCODE=2 \
  -DSTRCODE=2 -DSTRING=2 -DCONST=2 -DENTRY=2 -k \
  C:\Users\ADMINI~1\AppData\Local\Temp\s718.obj FCCS-DBoard-test.obj 

Object code version is 3.11

Machine type is 16F1946



                Name                               Link     Load   Length Selector   Space Scale
C:\Users\ADMINI~1\AppData\Local\Temp\s718.obj
                end_init                             C9       C9        2        8       0
                reset_vec                             0        0        2        0       0
                config                             8007     8007        2    1000E       0
FCCS-DBoard-test.obj
                cinit                                CB       CB       1D        8       0
                intentry                              4        4       C5        8       0
                text22                              764      764        A      602       0
                text21                              640      640       26      602       0
                text20                              6BC      6BC       18      602       0
                text19                              789      789        3      602       0
                text18                              76E      76E        9      602       0
                text17                              777      777        8      602       0
                text16                              666      666       23      602       0
                text15                              77F      77F        7      602       0
                text14                              758      758        C      602       0
                text13                              717      717       15      602       0
                text12                              702      702       15      602       0
                text11                              689      689       1B      602       0
                text10                              73C      73C       10      602       0
                text9                               6A4      6A4       18      602       0
                text8                               5A6      5A6       71      602       0
                text7                               72C      72C       10      602       0
                text6                               6EB      6EB       17      602       0
                text5                               617      617       29      602       0
                text4                               6D4      6D4       17      602       0
                text3                               786      786        3      602       0
                text2                               301      301      173      602       0
                text1                               474      474       A5      602       0
                maintext                            519      519       8D      602       0
                cstackBANK0                          69       69        7       20       1
                cstackCOMMON                         75       75        5       70       1
                clrtext                             74C      74C        C      602       0
                bssBANK0                             20       20       49       20       1
                bssCOMMON                            70       70        5       70       1
                stringtext                          100      100      201        2       0

TOTAL           Name                               Link     Load   Length     Space
        CLASS   STACK          

        CLASS   CONST          

        CLASS   CODE           
                end_init                             C9       C9        2         0
                cinit                                CB       CB       1D         0
                intentry                              4        4       C5         0
                reset_vec                             0        0        2         0
                text22                              764      764        A         0
                text21                              640      640       26         0
                text20                              6BC      6BC       18         0
                text19                              789      789        3         0
                text18                              76E      76E        9         0
                text17                              777      777        8         0
                text16                              666      666       23         0
                text15                              77F      77F        7         0
                text14                              758      758        C         0
                text13                              717      717       15         0
                text12                              702      702       15         0
                text11                              689      689       1B         0
                text10                              73C      73C       10         0
                text9                               6A4      6A4       18         0
                text8                               5A6      5A6       71         0
                text7                               72C      72C       10         0
                text6                               6EB      6EB       17         0
                text5                               617      617       29         0
                text4                               6D4      6D4       17         0
                text3                               786      786        3         0
                text2                               301      301      173         0
                text1                               474      474       A5         0
                maintext                            519      519       8D         0
                clrtext                             74C      74C        C         0

        CLASS   STRCODE        
                stringtext                          100      100      201         0

        CLASS   ENTRY          

        CLASS   STRING         

        CLASS   COMMON         
                cstackCOMMON                         75       75        5         1
                bssCOMMON                            70       70        5         1

        CLASS   BANK0          
                cstackBANK0                          69       69        7         1
                bssBANK0                             20       20       49         1

        CLASS   BANK1          

        CLASS   BANK2          

        CLASS   BANK3          

        CLASS   BANK4          

        CLASS   BANK5          

        CLASS   BANK6          

        CLASS   BIGRAM         

        CLASS   RAM            

        CLASS   ABS1           
                abs_s1                               7E       7E        2         1
                abs_s1                              1D8      1D8       18         1
                abs_s1                              220      220       50         1
                abs_s1                              2A0      2A0       50         1
                abs_s1                              320      320       10         1
                abs_s1                             2128     2128        0         1
                abs_s1                             218C     218C        0         1

        CLASS   SFR0           

        CLASS   SFR1           

        CLASS   SFR2           

        CLASS   SFR3           

        CLASS   SFR4           

        CLASS   SFR5           

        CLASS   SFR6           

        CLASS   SFR7           

        CLASS   SFR8           

        CLASS   SFR9           

        CLASS   SFR10          

        CLASS   SFR11          

        CLASS   SFR12          

        CLASS   SFR13          

        CLASS   SFR14          

        CLASS   SFR15          

        CLASS   SFR16          

        CLASS   SFR17          

        CLASS   SFR18          

        CLASS   SFR19          

        CLASS   SFR20          

        CLASS   SFR21          

        CLASS   SFR22          

        CLASS   SFR23          

        CLASS   SFR24          

        CLASS   SFR25          

        CLASS   SFR26          

        CLASS   SFR27          

        CLASS   SFR28          

        CLASS   SFR29          

        CLASS   SFR30          

        CLASS   SFR31          

        CLASS   CONFIG         
                config                             8007     8007        2         0

        CLASS   IDLOC          

        CLASS   EEDATA         

        CLASS   BANK31         

        CLASS   BANK30         

        CLASS   BANK29         

        CLASS   BANK28         

        CLASS   BANK27         

        CLASS   BANK26         

        CLASS   BANK25         

        CLASS   BANK24         

        CLASS   BANK23         

        CLASS   BANK22         

        CLASS   BANK21         

        CLASS   BANK20         

        CLASS   BANK19         

        CLASS   BANK18         

        CLASS   BANK17         

        CLASS   BANK16         

        CLASS   BANK15         

        CLASS   BANK14         

        CLASS   BANK13         

        CLASS   BANK12         

        CLASS   BANK11         

        CLASS   BANK10         

        CLASS   BANK9          

        CLASS   BANK8          

        CLASS   BANK7          



SEGMENTS        Name                           Load    Length   Top    Selector   Space  Class     Delta

                reset_vec                      000000  000002  000002         0       0  CODE        2
                intentry                       000004  0000E4  0000E8         8       0  CODE        2
                bssBANK0                       000020  000050  000070        20       1  BANK0       1
                bssCOMMON                      000070  00000A  00007A        70       1  COMMON      1
                stringtext                     000100  000201  000301         2       0  STRCODE     2
                text2                          000301  00048B  00078C       602       0  CODE        2
                config                         008007  000002  008009     1000E       0  CONFIG      2


UNUSED ADDRESS RANGES

        Name                Unused          Largest block    Delta
        BANK1            000A0-000EF              50           1
        BANK2            00120-0016F              50           1
        BANK3            001A0-001D7              38           1
        BIGRAM           02000-021EF             1F0           1
        CODE             00002-00003               2           2
                         000E8-000FF              18
                         0078C-01FFF             800
        COMMON           0007A-0007D               4           1
        CONST            00002-00003               2           2
                         000E8-000FF              18
                         0078C-01FFF             100
        EEDATA           0F000-0F0FF             100           2
        ENTRY            00002-00003               2           2
                         000E8-000FF              18
                         0078C-01FFF             100
        IDLOC            08000-08003               4           2
        RAM              000A0-000EF              50           1
                         00120-0016F              50
                         001A0-001D7              38
        SFR0             00000-0001F              20           1
        SFR1             00080-0009F              20           1
        SFR10            00500-0056F              70           1
        SFR11            00580-005EF              70           1
        SFR12            00600-0066F              70           1
        SFR13            00680-006EF              70           1
        SFR14            00700-0076F              70           1
        SFR15            00780-007EF              70           1
        SFR16            00800-0086F              70           1
        SFR17            00880-008EF              70           1
        SFR18            00900-0096F              70           1
        SFR19            00980-009EF              70           1
        SFR2             00100-0011F              20           1
        SFR20            00A00-00A6F              70           1
        SFR21            00A80-00AEF              70           1
        SFR22            00B00-00B6F              70           1
        SFR23            00B80-00BEF              70           1
        SFR24            00C00-00C6F              70           1
        SFR25            00C80-00CEF              70           1
        SFR26            00D00-00D6F              70           1
        SFR27            00D80-00DEF              70           1
        SFR28            00E00-00E6F              70           1
        SFR29            00E80-00EEF              70           1
        SFR3             00180-0019F              20           1
        SFR30            00F00-00F6F              70           1
        SFR31            00F80-00FEF              70           1
        SFR4             00200-0021F              20           1
        SFR5             00280-0029F              20           1
        SFR6             00300-0031F              20           1
        SFR7             00380-003EF              70           1
        SFR8             00400-0046F              70           1
        SFR9             00480-004EF              70           1
        STACK            02050-02127              D8           1
        STRCODE          00002-00003               2           2
                         000E8-000FF              18
                         0078C-01FFF            1874
        STRING           00002-00003               2           2
                         000E8-000FF              18
                         0078C-01FFF             100

                                  Symbol Table

_ANSELA                      (abs)        0018C
_ANSELE                      (abs)        00190
_ANSELF                      (abs)        0040C
_ANSELG                      (abs)        0040D
_BAUD1CON                    (abs)        0019F
_BAUD2CON                    (abs)        00497
_CRC_TABLE_H                 stringtext   00101
_CRC_TABLE_L                 stringtext   00201
_GIE                         (abs)        0005F
_LATA4                       (abs)        00864
_LATA5                       (abs)        00865
_LATB0                       (abs)        00868
_LATB1                       (abs)        00869
_LATB2                       (abs)        0086A
_LATB3                       (abs)        0086B
_LATB4                       (abs)        0086C
_LATB5                       (abs)        0086D
_LATCbits                    (abs)        0010E
_LATD0                       (abs)        00878
_LATD1                       (abs)        00879
_LATD2                       (abs)        0087A
_LATD3                       (abs)        0087B
_LATD4                       (abs)        0087C
_LATD5                       (abs)        0087D
_LATD6                       (abs)        0087E
_LATD7                       (abs)        0087F
_LATGbits                    (abs)        0038D
_OSCCON                      (abs)        00099
_PEIE                        (abs)        0005E
_PIR1bits                    (abs)        00011
_PIR4bits                    (abs)        00014
_RA0                         (abs)        00060
_RA1                         (abs)        00061
_RA2                         (abs)        00062
_RA3                         (abs)        00063
_RC1IE                       (abs)        0048D
_RC1IF                       (abs)        0008D
_RC1REG                      (abs)        00199
_RC1STA                      (abs)        0019D
_RC1STAbits                  (abs)        0019D
_RC2IE                       (abs)        004A5
_RC2IF                       (abs)        000A5
_RC2REG                      (abs)        00491
_RC2STA                      (abs)        00495
_RC2STAbits                  (abs)        00495
_RCIE                        (abs)        0048D
_RE0                         (abs)        00080
_RE1                         (abs)        00081
_RE2                         (abs)        00082
_RE3                         (abs)        00083
_RE4                         (abs)        00084
_RE5                         (abs)        00085
_RE6                         (abs)        00086
_RE7                         (abs)        00087
_RF1                         (abs)        01461
_RF2                         (abs)        01462
_RF3                         (abs)        01463
_RF4                         (abs)        01464
_RF5                         (abs)        01465
_RF6                         (abs)        01466
_RF7                         (abs)        01467
_RG4                         (abs)        0146C
_SP1BRGH                     (abs)        0019C
_SP1BRGL                     (abs)        0019B
_SP2BRGH                     (abs)        00494
_SP2BRGL                     (abs)        00493
_T1CON                       (abs)        00018
_TMR1H                       (abs)        00017
_TMR1IE                      (abs)        00488
_TMR1IF                      (abs)        00088
_TMR1L                       (abs)        00016
_TMR1ON                      (abs)        000C0
_TRISAbits                   (abs)        0008C
_TRISBbits                   (abs)        0008D
_TRISCbits                   (abs)        0008E
_TRISDbits                   (abs)        0008F
_TRISEbits                   (abs)        00090
_TRISFbits                   (abs)        0030C
_TRISGbits                   (abs)        0030D
_TX1REG                      (abs)        0019A
_TX1STA                      (abs)        0019E
_TX1STAbits                  (abs)        0019E
_TX2REG                      (abs)        00492
_TX2STA                      (abs)        00496
_TX2STAbits                  (abs)        00496
_WDTCONbits                  (abs)        00097
__CFG_BOREN$ON               (abs)        00000
__CFG_BORV$LO                (abs)        00000
__CFG_CLKOUTEN$OFF           (abs)        00000
__CFG_CP$OFF                 (abs)        00000
__CFG_CPD$OFF                (abs)        00000
__CFG_FCMEN$OFF              (abs)        00000
__CFG_FOSC$INTOSC            (abs)        00000
__CFG_IESO$ON                (abs)        00000
__CFG_LVP$ON                 (abs)        00000
__CFG_MCLRE$ON               (abs)        00000
__CFG_PLLEN$OFF              (abs)        00000
__CFG_PWRTE$OFF              (abs)        00000
__CFG_STVREN$ON              (abs)        00000
__CFG_VCAPEN$ON              (abs)        00000
__CFG_WDTE$ON                (abs)        00000
__CFG_WRT$OFF                (abs)        00000
__Habs1                      abs1         00000
__Hbank0                     bank0        00000
__Hbank1                     bank1        00000
__Hbank10                    bank10       00000
__Hbank11                    bank11       00000
__Hbank12                    bank12       00000
__Hbank13                    bank13       00000
__Hbank14                    bank14       00000
__Hbank15                    bank15       00000
__Hbank16                    bank16       00000
__Hbank17                    bank17       00000
__Hbank18                    bank18       00000
__Hbank19                    bank19       00000
__Hbank2                     bank2        00000
__Hbank20                    bank20       00000
__Hbank21                    bank21       00000
__Hbank22                    bank22       00000
__Hbank23                    bank23       00000
__Hbank24                    bank24       00000
__Hbank25                    bank25       00000
__Hbank26                    bank26       00000
__Hbank27                    bank27       00000
__Hbank28                    bank28       00000
__Hbank29                    bank29       00000
__Hbank3                     bank3        00000
__Hbank30                    bank30       00000
__Hbank31                    bank31       00000
__Hbank4                     bank4        00000
__Hbank5                     bank5        00000
__Hbank6                     bank6        00000
__Hbank7                     bank7        00000
__Hbank8                     bank8        00000
__Hbank9                     bank9        00000
__Hbigram                    bigram       00000
__HbssBANK0                  bssBANK0     00000
__HbssCOMMON                 bssCOMMON    00000
__Hcinit                     cinit        000E8
__Hclrtext                   clrtext      00000
__Hcode                      code         00000
__Hcommon                    common       00000
__Hconfig                    config       08009
__HcstackBANK0               cstackBANK0  00000
__HcstackCOMMON              cstackCOMMON 00000
__Heeprom_data               eeprom_data  00000
__Hend_init                  end_init     000CB
__Hfunctab                   functab      00000
__Hidloc                     idloc        00000
__Hinit                      init         000C9
__Hintentry                  intentry     000C9
__Hmaintext                  maintext     00000
__Hpowerup                   powerup      00000
__Hram                       ram          00000
__Hreset_vec                 reset_vec    00002
__Hsfr0                      sfr0         00000
__Hsfr1                      sfr1         00000
__Hsfr10                     sfr10        00000
__Hsfr11                     sfr11        00000
__Hsfr12                     sfr12        00000
__Hsfr13                     sfr13        00000
__Hsfr14                     sfr14        00000
__Hsfr15                     sfr15        00000
__Hsfr16                     sfr16        00000
__Hsfr17                     sfr17        00000
__Hsfr18                     sfr18        00000
__Hsfr19                     sfr19        00000
__Hsfr2                      sfr2         00000
__Hsfr20                     sfr20        00000
__Hsfr21                     sfr21        00000
__Hsfr22                     sfr22        00000
__Hsfr23                     sfr23        00000
__Hsfr24                     sfr24        00000
__Hsfr25                     sfr25        00000
__Hsfr26                     sfr26        00000
__Hsfr27                     sfr27        00000
__Hsfr28                     sfr28        00000
__Hsfr29                     sfr29        00000
__Hsfr3                      sfr3         00000
__Hsfr30                     sfr30        00000
__Hsfr31                     sfr31        00000
__Hsfr4                      sfr4         00000
__Hsfr5                      sfr5         00000
__Hsfr6                      sfr6         00000
__Hsfr7                      sfr7         00000
__Hsfr8                      sfr8         00000
__Hsfr9                      sfr9         00000
__Hstack                     stack        00000
__Hstrings                   strings      00000
__Hstringtext                stringtext   00000
__Htext                      text         00000
__Labs1                      abs1         00000
__Lbank0                     bank0        00000
__Lbank1                     bank1        00000
__Lbank10                    bank10       00000
__Lbank11                    bank11       00000
__Lbank12                    bank12       00000
__Lbank13                    bank13       00000
__Lbank14                    bank14       00000
__Lbank15                    bank15       00000
__Lbank16                    bank16       00000
__Lbank17                    bank17       00000
__Lbank18                    bank18       00000
__Lbank19                    bank19       00000
__Lbank2                     bank2        00000
__Lbank20                    bank20       00000
__Lbank21                    bank21       00000
__Lbank22                    bank22       00000
__Lbank23                    bank23       00000
__Lbank24                    bank24       00000
__Lbank25                    bank25       00000
__Lbank26                    bank26       00000
__Lbank27                    bank27       00000
__Lbank28                    bank28       00000
__Lbank29                    bank29       00000
__Lbank3                     bank3        00000
__Lbank30                    bank30       00000
__Lbank31                    bank31       00000
__Lbank4                     bank4        00000
__Lbank5                     bank5        00000
__Lbank6                     bank6        00000
__Lbank7                     bank7        00000
__Lbank8                     bank8        00000
__Lbank9                     bank9        00000
__Lbigram                    bigram       00000
__LbssBANK0                  bssBANK0     00000
__LbssCOMMON                 bssCOMMON    00000
__Lcinit                     cinit        000CB
__Lclrtext                   clrtext      00000
__Lcode                      code         00000
__Lcommon                    common       00000
__Lconfig                    config       08007
__LcstackBANK0               cstackBANK0  00000
__LcstackCOMMON              cstackCOMMON 00000
__Leeprom_data               eeprom_data  00000
__Lend_init                  end_init     000C9
__Lfunctab                   functab      00000
__Lidloc                     idloc        00000
__Linit                      init         000C9
__Lintentry                  intentry     00004
__Lmaintext                  maintext     00000
__Lpowerup                   powerup      00000
__Lram                       ram          00000
__Lreset_vec                 reset_vec    00000
__Lsfr0                      sfr0         00000
__Lsfr1                      sfr1         00000
__Lsfr10                     sfr10        00000
__Lsfr11                     sfr11        00000
__Lsfr12                     sfr12        00000
__Lsfr13                     sfr13        00000
__Lsfr14                     sfr14        00000
__Lsfr15                     sfr15        00000
__Lsfr16                     sfr16        00000
__Lsfr17                     sfr17        00000
__Lsfr18                     sfr18        00000
__Lsfr19                     sfr19        00000
__Lsfr2                      sfr2         00000
__Lsfr20                     sfr20        00000
__Lsfr21                     sfr21        00000
__Lsfr22                     sfr22        00000
__Lsfr23                     sfr23        00000
__Lsfr24                     sfr24        00000
__Lsfr25                     sfr25        00000
__Lsfr26                     sfr26        00000
__Lsfr27                     sfr27        00000
__Lsfr28                     sfr28        00000
__Lsfr29                     sfr29        00000
__Lsfr3                      sfr3         00000
__Lsfr30                     sfr30        00000
__Lsfr31                     sfr31        00000
__Lsfr4                      sfr4         00000
__Lsfr5                      sfr5         00000
__Lsfr6                      sfr6         00000
__Lsfr7                      sfr7         00000
__Lsfr8                      sfr8         00000
__Lsfr9                      sfr9         00000
__Lstack                     stack        00000
__Lstrings                   strings      00000
__Lstringtext                stringtext   00000
__Ltext                      text         00000
__S0                         (abs)        08009
__S1                         (abs)        0007A
__S2                         (abs)        00000
__S3                         (abs)        00000
___int_sp                    stack        00000
___latbits                   (abs)        00002
___sp                        stack        00000
__end_of_CRC_TABLE_H         stringtext   00201
__end_of_CRC_TABLE_L         stringtext   00301
__end_of__initialization     cinit        000E5
__end_of__stringtab          stringtext   00101
__end_of_application_init    text22       0076E
__end_of_delay_ms            text21       00666
__end_of_driver_init         text11       006A4
__end_of_get_slave_address   text4        006EB
__end_of_handle_uart1_buf    text8        00617
__end_of_handle_uart2_buf    text5        00640
__end_of_init_input          text20       006D4
__end_of_init_interrupt      text19       0078C
__end_of_init_led            text18       00777
__end_of_init_osc            text17       0077F
__end_of_init_output         text16       00689
__end_of_init_port           text15       00786
__end_of_init_timer1         text14       00764
__end_of_init_uart1          text13       0072C
__end_of_init_uart2          text12       00717
__end_of_isr                 intentry     000C9
__end_of_main                maintext     005A6
__end_of_middle_init         text3        00789
__end_of_read_node           text2        00474
__end_of_uart1_send_byte     text10       0074C
__end_of_uart1_send_nbyte    text9        006BC
__end_of_uart2_send_byte     text7        0073C
__end_of_uart2_send_nbyte    text6        00702
__end_of_write_node          text1        00519
__initialization             cinit        000CB
__pbssBANK0                  bssBANK0     00020
__pbssBIGRAM                 (abs)        02128
__pbssCOMMON                 bssCOMMON    00070
__pcstackBANK0               cstackBANK0  00069
__pcstackCOMMON              cstackCOMMON 00075
__pintentry                  intentry     00004
__pmaintext                  maintext     00519
__pstringtext                stringtext   00100
__ptext1                     text1        00474
__ptext10                    text10       0073C
__ptext11                    text11       00689
__ptext12                    text12       00702
__ptext13                    text13       00717
__ptext14                    text14       00758
__ptext15                    text15       0077F
__ptext16                    text16       00666
__ptext17                    text17       00777
__ptext18                    text18       0076E
__ptext19                    text19       00789
__ptext2                     text2        00301
__ptext20                    text20       006BC
__ptext21                    text21       00640
__ptext22                    text22       00764
__ptext3                     text3        00786
__ptext4                     text4        006D4
__ptext5                     text5        00617
__ptext6                     text6        006EB
__ptext7                     text7        0072C
__ptext8                     text8        005A6
__ptext9                     text9        006A4
__size_of_application_init   (abs)        00000
__size_of_delay_ms           (abs)        00000
__size_of_driver_init        (abs)        00000
__size_of_get_slave_address  (abs)        00000
__size_of_handle_uart1_buf   (abs)        00000
__size_of_handle_uart2_buf   (abs)        00000
__size_of_init_input         (abs)        00000
__size_of_init_interrupt     (abs)        00000
__size_of_init_led           (abs)        00000
__size_of_init_osc           (abs)        00000
__size_of_init_output        (abs)        00000
__size_of_init_port          (abs)        00000
__size_of_init_timer1        (abs)        00000
__size_of_init_uart1         (abs)        00000
__size_of_init_uart2         (abs)        00000
__size_of_isr                (abs)        00000
__size_of_main               (abs)        00000
__size_of_middle_init        (abs)        00000
__size_of_read_node          (abs)        00000
__size_of_uart1_send_byte    (abs)        00000
__size_of_uart1_send_nbyte   (abs)        00000
__size_of_uart2_send_byte    (abs)        00000
__size_of_uart2_send_nbyte   (abs)        00000
__size_of_write_node         (abs)        00000
__stringtab                  stringtext   00100
__sys_tick_count             bssBANK0     00040
_application_init            text22       00764
_delay_ms                    text21       00640
_driver_init                 text11       00689
_get_slave_address           text4        006D4
_handle_uart1_buf            text8        005A6
_handle_uart2_buf            text5        00617
_init_input                  text20       006BC
_init_interrupt              text19       00789
_init_led                    text18       0076E
_init_osc                    text17       00777
_init_output                 text16       00666
_init_port                   text15       0077F
_init_timer1                 text14       00758
_init_uart1                  text13       00717
_init_uart2                  text12       00702
_input_node_level            bssBANK0     00042
_isr                         intentry     00004
_main                        maintext     00519
_middle_init                 text3        00786
_read_input_node_event       bssBANK0     00046
_read_input_node_tick        bssBANK0     00044
_read_node                   text2        00301
_slave_address               bssCOMMON    00070
_uart1_receive_byte_count    bssCOMMON    00071
_uart1_receive_flag          bssCOMMON    00072
_uart1_rx_buf                (abs)        02128
_uart1_send_byte             text10       0073C
_uart1_send_nbyte            text9        006A4
_uart1_time_count            bssCOMMON    00073
_uart1_tx_buf                (abs)        0218C
_uart2_receive_byte_count    bssBANK0     00047
_uart2_receive_flag          bssBANK0     00048
_uart2_rx_buf                bssBANK0     00020
_uart2_send_byte             text7        0072C
_uart2_send_nbyte            text6        006EB
_uart2_time_count            bssCOMMON    00074
_uart2_tx_buf                bssBANK0     00049
_write_node                  text1        00474
btemp                        (abs)        0007E
clear_ram0                   clrtext      0074C
delay_ms@count               cstackBANK0  00069
delay_ms@i                   cstackBANK0  0006B
delay_ms@j                   cstackBANK0  0006D
end_of_initialization        cinit        000E5
get_slave_address@switch_tmp cstackBANK0  0006A
intlevel0                    functab      00000
intlevel1                    functab      00000
intlevel2                    functab      00000
intlevel3                    functab      00000
intlevel4                    functab      00000
intlevel5                    functab      00000
isr@r1_data                  cstackCOMMON 00078
isr@r2_data                  cstackCOMMON 00079
ltemp                        (abs)        0007E
ltemp0                       (abs)        0007E
ltemp1                       (abs)        00082
ltemp2                       (abs)        00086
ltemp3                       (abs)        00080
read_node@input_tmp          cstackBANK0  0006D
reset_vec                    reset_vec    00000
stackhi                      (abs)        02127
stacklo                      (abs)        02050
start                        init         000C9
start_initialization         cinit        000CB
ttemp                        (abs)        0007E
ttemp0                       (abs)        0007E
ttemp1                       (abs)        00081
ttemp2                       (abs)        00084
ttemp3                       (abs)        00087
ttemp4                       (abs)        0007F
uart1_send_byte@data         cstackBANK0  00069
uart1_send_nbyte@data        cstackBANK0  0006A
uart1_send_nbyte@size        cstackBANK0  0006C
uart2_send_byte@data         cstackBANK0  00069
uart2_send_nbyte@data        cstackBANK0  0006D
uart2_send_nbyte@size        cstackBANK0  0006A
write_node@output_tmp        cstackBANK0  0006B
wtemp                        (abs)        0007E
wtemp0                       (abs)        0007E
wtemp1                       (abs)        00080
wtemp2                       (abs)        00082
wtemp3                       (abs)        00084
wtemp4                       (abs)        00086
wtemp5                       (abs)        00088
wtemp6                       (abs)        0007F


FUNCTION INFORMATION:

 *************** function _main *****************
 Defined at:
		line 200 in file "D:\BYT-WORK\BYT-MCU\byt-fccs-vtest\src\main.c"
 Parameters:    Size  Location     Type
		None
 Auto vars:     Size  Location     Type
		None
 Return value:  Size  Location     Type
                  2  279[COMMON] int 
 Registers used:
		wreg, fsr0l, fsr0h, fsr1l, fsr1h, status,2, status,0, btemp+1, pclath, cstack
 Tracked objects:
		On entry : 
		On exit  : 
		Unchanged: 
 Data sizes:     COMMON   BANK0   BANK1   BANK2   BANK3   BANK4   BANK5   BANK6
      Params:         0       0       0       0       0       0       0       0
      Locals:         0       0       0       0       0       0       0       0
      Temps:          0       1       0       0       0       0       0       0
      Totals:         0       1       0       0       0       0       0       0
Total ram usage:        1 bytes
 Hardware stack levels required when called:    4
 This function calls:
		_application_init
		_delay_ms
		_driver_init
		_handle_uart1_buf
		_handle_uart2_buf
		_middle_init
		_read_node
		_write_node
 This function is called by:
		Startup code after reset
 This function uses a non-reentrant model


 *************** function _write_node *****************
 Defined at:
		line 65 in file "D:\BYT-WORK\BYT-MCU\byt-fccs-vtest\src\output.c"
 Parameters:    Size  Location     Type
		None
 Auto vars:     Size  Location     Type
  output_tmp      2    2[BANK0 ] unsigned int 
 Return value:  Size  Location     Type
		None               void
 Registers used:
		wreg, status,2, status,0
 Tracked objects:
		On entry : 
		On exit  : 
		Unchanged: 
 Data sizes:     COMMON   BANK0   BANK1   BANK2   BANK3   BANK4   BANK5   BANK6
      Params:         0       0       0       0       0       0       0       0
      Locals:         0       2       0       0       0       0       0       0
      Temps:          0       2       0       0       0       0       0       0
      Totals:         0       4       0       0       0       0       0       0
Total ram usage:        4 bytes
 Hardware stack levels used:    1
 Hardware stack levels required when called:    1
 This function calls:
		Nothing
 This function is called by:
		_main
 This function uses a non-reentrant model


 *************** function _read_node *****************
 Defined at:
		line 54 in file "D:\BYT-WORK\BYT-MCU\byt-fccs-vtest\src\input.c"
 Parameters:    Size  Location     Type
		None
 Auto vars:     Size  Location     Type
  input_tmp       2    4[BANK0 ] unsigned int 
 Return value:  Size  Location     Type
		None               void
 Registers used:
		wreg, status,2, status,0, btemp+1
 Tracked objects:
		On entry : 
		On exit  : 
		Unchanged: 
 Data sizes:     COMMON   BANK0   BANK1   BANK2   BANK3   BANK4   BANK5   BANK6
      Params:         0       0       0       0       0       0       0       0
      Locals:         0       2       0       0       0       0       0       0
      Temps:          0       4       0       0       0       0       0       0
      Totals:         0       6       0       0       0       0       0       0
Total ram usage:        6 bytes
 Hardware stack levels used:    1
 Hardware stack levels required when called:    1
 This function calls:
		Nothing
 This function is called by:
		_main
 This function uses a non-reentrant model


 *************** function _middle_init *****************
 Defined at:
		line 178 in file "D:\BYT-WORK\BYT-MCU\byt-fccs-vtest\src\main.c"
 Parameters:    Size  Location     Type
		None
 Auto vars:     Size  Location     Type
		None
 Return value:  Size  Location     Type
		None               void
 Registers used:
		wreg, status,2, status,0, pclath, cstack
 Tracked objects:
		On entry : 
		On exit  : 
		Unchanged: 
 Data sizes:     COMMON   BANK0   BANK1   BANK2   BANK3   BANK4   BANK5   BANK6
      Params:         0       0       0       0       0       0       0       0
      Locals:         0       0       0       0       0       0       0       0
      Temps:          0       0       0       0       0       0       0       0
      Totals:         0       0       0       0       0       0       0       0
Total ram usage:        0 bytes
 Hardware stack levels used:    1
 Hardware stack levels required when called:    2
 This function calls:
		_get_slave_address
 This function is called by:
		_main
 This function uses a non-reentrant model


 *************** function _get_slave_address *****************
 Defined at:
		line 158 in file "D:\BYT-WORK\BYT-MCU\byt-fccs-vtest\src\handle_rs485.c"
 Parameters:    Size  Location     Type
		None
 Auto vars:     Size  Location     Type
  switch_tmp      1    1[BANK0 ] unsigned char 
 Return value:  Size  Location     Type
		None               void
 Registers used:
		wreg, status,2, status,0
 Tracked objects:
		On entry : 
		On exit  : 
		Unchanged: 
 Data sizes:     COMMON   BANK0   BANK1   BANK2   BANK3   BANK4   BANK5   BANK6
      Params:         0       0       0       0       0       0       0       0
      Locals:         0       1       0       0       0       0       0       0
      Temps:          0       1       0       0       0       0       0       0
      Totals:         0       2       0       0       0       0       0       0
Total ram usage:        2 bytes
 Hardware stack levels used:    1
 Hardware stack levels required when called:    1
 This function calls:
		Nothing
 This function is called by:
		_middle_init
 This function uses a non-reentrant model


 *************** function _handle_uart2_buf *****************
 Defined at:
		line 130 in file "D:\BYT-WORK\BYT-MCU\byt-fccs-vtest\src\handle_rs485.c"
 Parameters:    Size  Location     Type
		None
 Auto vars:     Size  Location     Type
		None
 Return value:  Size  Location     Type
		None               void
 Registers used:
		wreg, fsr1l, fsr1h, status,2, status,0, pclath, cstack
 Tracked objects:
		On entry : 
		On exit  : 
		Unchanged: 
 Data sizes:     COMMON   BANK0   BANK1   BANK2   BANK3   BANK4   BANK5   BANK6
      Params:         0       0       0       0       0       0       0       0
      Locals:         0       0       0       0       0       0       0       0
      Temps:          0       1       0       0       0       0       0       0
      Totals:         0       1       0       0       0       0       0       0
Total ram usage:        1 bytes
 Hardware stack levels used:    1
 Hardware stack levels required when called:    3
 This function calls:
		_uart2_send_nbyte
 This function is called by:
		_main
 This function uses a non-reentrant model


 *************** function _uart2_send_nbyte *****************
 Defined at:
		line 194 in file "D:\BYT-WORK\BYT-MCU\byt-fccs-vtest\src\uart.c"
 Parameters:    Size  Location     Type
  data            1    wreg     PTR unsigned char 
		 -> uart2_tx_buf(32), 
  size            2    1[BANK0 ] unsigned int 
 Auto vars:     Size  Location     Type
  data            1    4[BANK0 ] PTR unsigned char 
		 -> uart2_tx_buf(32), 
 Return value:  Size  Location     Type
		None               void
 Registers used:
		wreg, fsr1l, fsr1h, status,2, status,0, pclath, cstack
 Tracked objects:
		On entry : 
		On exit  : 
		Unchanged: 
 Data sizes:     COMMON   BANK0   BANK1   BANK2   BANK3   BANK4   BANK5   BANK6
      Params:         0       2       0       0       0       0       0       0
      Locals:         0       1       0       0       0       0       0       0
      Temps:          0       1       0       0       0       0       0       0
      Totals:         0       4       0       0       0       0       0       0
Total ram usage:        4 bytes
 Hardware stack levels used:    1
 Hardware stack levels required when called:    2
 This function calls:
		_uart2_send_byte
 This function is called by:
		_handle_uart2_buf
 This function uses a non-reentrant model


 *************** function _uart2_send_byte *****************
 Defined at:
		line 180 in file "D:\BYT-WORK\BYT-MCU\byt-fccs-vtest\src\uart.c"
 Parameters:    Size  Location     Type
  data            1    wreg     unsigned char 
 Auto vars:     Size  Location     Type
  data            1    0[BANK0 ] unsigned char 
 Return value:  Size  Location     Type
		None               void
 Registers used:
		wreg
 Tracked objects:
		On entry : 
		On exit  : 
		Unchanged: 
 Data sizes:     COMMON   BANK0   BANK1   BANK2   BANK3   BANK4   BANK5   BANK6
      Params:         0       0       0       0       0       0       0       0
      Locals:         0       1       0       0       0       0       0       0
      Temps:          0       0       0       0       0       0       0       0
      Totals:         0       1       0       0       0       0       0       0
Total ram usage:        1 bytes
 Hardware stack levels used:    1
 Hardware stack levels required when called:    1
 This function calls:
		Nothing
 This function is called by:
		_uart2_send_nbyte
 This function uses a non-reentrant model


 *************** function _handle_uart1_buf *****************
 Defined at:
		line 101 in file "D:\BYT-WORK\BYT-MCU\byt-fccs-vtest\src\handle_rs485.c"
 Parameters:    Size  Location     Type
		None
 Auto vars:     Size  Location     Type
		None
 Return value:  Size  Location     Type
		None               void
 Registers used:
		wreg, fsr0l, fsr0h, fsr1l, fsr1h, status,2, status,0, pclath, cstack
 Tracked objects:
		On entry : 
		On exit  : 
		Unchanged: 
 Data sizes:     COMMON   BANK0   BANK1   BANK2   BANK3   BANK4   BANK5   BANK6
      Params:         0       0       0       0       0       0       0       0
      Locals:         0       0       0       0       0       0       0       0
      Temps:          0       1       0       0       0       0       0       0
      Totals:         0       1       0       0       0       0       0       0
Total ram usage:        1 bytes
 Hardware stack levels used:    1
 Hardware stack levels required when called:    3
 This function calls:
		_uart1_send_nbyte
 This function is called by:
		_main
 This function uses a non-reentrant model


 *************** function _uart1_send_nbyte *****************
 Defined at:
		line 92 in file "D:\BYT-WORK\BYT-MCU\byt-fccs-vtest\src\uart.c"
 Parameters:    Size  Location     Type
  data            2    1[BANK0 ] PTR unsigned char 
		 -> uart1_tx_buf(100), 
  size            2    3[BANK0 ] unsigned int 
 Auto vars:     Size  Location     Type
		None
 Return value:  Size  Location     Type
		None               void
 Registers used:
		wreg, fsr1l, fsr1h, status,2, status,0, pclath, cstack
 Tracked objects:
		On entry : 
		On exit  : 
		Unchanged: 
 Data sizes:     COMMON   BANK0   BANK1   BANK2   BANK3   BANK4   BANK5   BANK6
      Params:         0       4       0       0       0       0       0       0
      Locals:         0       0       0       0       0       0       0       0
      Temps:          0       0       0       0       0       0       0       0
      Totals:         0       4       0       0       0       0       0       0
Total ram usage:        4 bytes
 Hardware stack levels used:    1
 Hardware stack levels required when called:    2
 This function calls:
		_uart1_send_byte
 This function is called by:
		_handle_uart1_buf
 This function uses a non-reentrant model


 *************** function _uart1_send_byte *****************
 Defined at:
		line 77 in file "D:\BYT-WORK\BYT-MCU\byt-fccs-vtest\src\uart.c"
 Parameters:    Size  Location     Type
  data            1    wreg     unsigned char 
 Auto vars:     Size  Location     Type
  data            1    0[BANK0 ] unsigned char 
 Return value:  Size  Location     Type
		None               void
 Registers used:
		wreg
 Tracked objects:
		On entry : 
		On exit  : 
		Unchanged: 
 Data sizes:     COMMON   BANK0   BANK1   BANK2   BANK3   BANK4   BANK5   BANK6
      Params:         0       0       0       0       0       0       0       0
      Locals:         0       1       0       0       0       0       0       0
      Temps:          0       0       0       0       0       0       0       0
      Totals:         0       1       0       0       0       0       0       0
Total ram usage:        1 bytes
 Hardware stack levels used:    1
 Hardware stack levels required when called:    1
 This function calls:
		Nothing
 This function is called by:
		_uart1_send_nbyte
 This function uses a non-reentrant model


 *************** function _driver_init *****************
 Defined at:
		line 159 in file "D:\BYT-WORK\BYT-MCU\byt-fccs-vtest\src\main.c"
 Parameters:    Size  Location     Type
		None
 Auto vars:     Size  Location     Type
		None
 Return value:  Size  Location     Type
		None               void
 Registers used:
		wreg, status,2, status,0, pclath, cstack
 Tracked objects:
		On entry : 
		On exit  : 
		Unchanged: 
 Data sizes:     COMMON   BANK0   BANK1   BANK2   BANK3   BANK4   BANK5   BANK6
      Params:         0       0       0       0       0       0       0       0
      Locals:         0       0       0       0       0       0       0       0
      Temps:          0       0       0       0       0       0       0       0
      Totals:         0       0       0       0       0       0       0       0
Total ram usage:        0 bytes
 Hardware stack levels used:    1
 Hardware stack levels required when called:    2
 This function calls:
		_init_input
		_init_interrupt
		_init_led
		_init_osc
		_init_output
		_init_port
		_init_timer1
		_init_uart1
		_init_uart2
 This function is called by:
		_main
 This function uses a non-reentrant model


 *************** function _init_uart2 *****************
 Defined at:
		line 143 in file "D:\BYT-WORK\BYT-MCU\byt-fccs-vtest\src\uart.c"
 Parameters:    Size  Location     Type
		None
 Auto vars:     Size  Location     Type
		None
 Return value:  Size  Location     Type
		None               void
 Registers used:
		wreg, status,2
 Tracked objects:
		On entry : 
		On exit  : 
		Unchanged: 
 Data sizes:     COMMON   BANK0   BANK1   BANK2   BANK3   BANK4   BANK5   BANK6
      Params:         0       0       0       0       0       0       0       0
      Locals:         0       0       0       0       0       0       0       0
      Temps:          0       0       0       0       0       0       0       0
      Totals:         0       0       0       0       0       0       0       0
Total ram usage:        0 bytes
 Hardware stack levels used:    1
 Hardware stack levels required when called:    1
 This function calls:
		Nothing
 This function is called by:
		_driver_init
 This function uses a non-reentrant model


 *************** function _init_uart1 *****************
 Defined at:
		line 40 in file "D:\BYT-WORK\BYT-MCU\byt-fccs-vtest\src\uart.c"
 Parameters:    Size  Location     Type
		None
 Auto vars:     Size  Location     Type
		None
 Return value:  Size  Location     Type
		None               void
 Registers used:
		wreg, status,2
 Tracked objects:
		On entry : 
		On exit  : 
		Unchanged: 
 Data sizes:     COMMON   BANK0   BANK1   BANK2   BANK3   BANK4   BANK5   BANK6
      Params:         0       0       0       0       0       0       0       0
      Locals:         0       0       0       0       0       0       0       0
      Temps:          0       0       0       0       0       0       0       0
      Totals:         0       0       0       0       0       0       0       0
Total ram usage:        0 bytes
 Hardware stack levels used:    1
 Hardware stack levels required when called:    1
 This function calls:
		Nothing
 This function is called by:
		_driver_init
 This function uses a non-reentrant model


 *************** function _init_timer1 *****************
 Defined at:
		line 15 in file "D:\BYT-WORK\BYT-MCU\byt-fccs-vtest\src\timer.c"
 Parameters:    Size  Location     Type
		None
 Auto vars:     Size  Location     Type
		None
 Return value:  Size  Location     Type
		None               void
 Registers used:
		wreg
 Tracked objects:
		On entry : 
		On exit  : 
		Unchanged: 
 Data sizes:     COMMON   BANK0   BANK1   BANK2   BANK3   BANK4   BANK5   BANK6
      Params:         0       0       0       0       0       0       0       0
      Locals:         0       0       0       0       0       0       0       0
      Temps:          0       0       0       0       0       0       0       0
      Totals:         0       0       0       0       0       0       0       0
Total ram usage:        0 bytes
 Hardware stack levels used:    1
 Hardware stack levels required when called:    1
 This function calls:
		Nothing
 This function is called by:
		_driver_init
 This function uses a non-reentrant model


 *************** function _init_port *****************
 Defined at:
		line 144 in file "D:\BYT-WORK\BYT-MCU\byt-fccs-vtest\src\main.c"
 Parameters:    Size  Location     Type
		None
 Auto vars:     Size  Location     Type
		None
 Return value:  Size  Location     Type
		None               void
 Registers used:
		status,2
 Tracked objects:
		On entry : 
		On exit  : 
		Unchanged: 
 Data sizes:     COMMON   BANK0   BANK1   BANK2   BANK3   BANK4   BANK5   BANK6
      Params:         0       0       0       0       0       0       0       0
      Locals:         0       0       0       0       0       0       0       0
      Temps:          0       0       0       0       0       0       0       0
      Totals:         0       0       0       0       0       0       0       0
Total ram usage:        0 bytes
 Hardware stack levels used:    1
 Hardware stack levels required when called:    1
 This function calls:
		Nothing
 This function is called by:
		_driver_init
 This function uses a non-reentrant model


 *************** function _init_output *****************
 Defined at:
		line 17 in file "D:\BYT-WORK\BYT-MCU\byt-fccs-vtest\src\output.c"
 Parameters:    Size  Location     Type
		None
 Auto vars:     Size  Location     Type
		None
 Return value:  Size  Location     Type
		None               void
 Registers used:
		None
 Tracked objects:
		On entry : 
		On exit  : 
		Unchanged: 
 Data sizes:     COMMON   BANK0   BANK1   BANK2   BANK3   BANK4   BANK5   BANK6
      Params:         0       0       0       0       0       0       0       0
      Locals:         0       0       0       0       0       0       0       0
      Temps:          0       0       0       0       0       0       0       0
      Totals:         0       0       0       0       0       0       0       0
Total ram usage:        0 bytes
 Hardware stack levels used:    1
 Hardware stack levels required when called:    1
 This function calls:
		Nothing
 This function is called by:
		_driver_init
 This function uses a non-reentrant model


 *************** function _init_osc *****************
 Defined at:
		line 132 in file "D:\BYT-WORK\BYT-MCU\byt-fccs-vtest\src\main.c"
 Parameters:    Size  Location     Type
		None
 Auto vars:     Size  Location     Type
		None
 Return value:  Size  Location     Type
		None               void
 Registers used:
		wreg, status,2, status,0
 Tracked objects:
		On entry : 
		On exit  : 
		Unchanged: 
 Data sizes:     COMMON   BANK0   BANK1   BANK2   BANK3   BANK4   BANK5   BANK6
      Params:         0       0       0       0       0       0       0       0
      Locals:         0       0       0       0       0       0       0       0
      Temps:          0       0       0       0       0       0       0       0
      Totals:         0       0       0       0       0       0       0       0
Total ram usage:        0 bytes
 Hardware stack levels used:    1
 Hardware stack levels required when called:    1
 This function calls:
		Nothing
 This function is called by:
		_driver_init
 This function uses a non-reentrant model


 *************** function _init_led *****************
 Defined at:
		line 18 in file "D:\BYT-WORK\BYT-MCU\byt-fccs-vtest\src\led.c"
 Parameters:    Size  Location     Type
		None
 Auto vars:     Size  Location     Type
		None
 Return value:  Size  Location     Type
		None               void
 Registers used:
		None
 Tracked objects:
		On entry : 
		On exit  : 
		Unchanged: 
 Data sizes:     COMMON   BANK0   BANK1   BANK2   BANK3   BANK4   BANK5   BANK6
      Params:         0       0       0       0       0       0       0       0
      Locals:         0       0       0       0       0       0       0       0
      Temps:          0       0       0       0       0       0       0       0
      Totals:         0       0       0       0       0       0       0       0
Total ram usage:        0 bytes
 Hardware stack levels used:    1
 Hardware stack levels required when called:    1
 This function calls:
		Nothing
 This function is called by:
		_driver_init
 This function uses a non-reentrant model


 *************** function _init_interrupt *****************
 Defined at:
		line 141 in file "D:\BYT-WORK\BYT-MCU\byt-fccs-vtest\src\interrupt.c"
 Parameters:    Size  Location     Type
		None
 Auto vars:     Size  Location     Type
		None
 Return value:  Size  Location     Type
		None               void
 Registers used:
		None
 Tracked objects:
		On entry : 
		On exit  : 
		Unchanged: 
 Data sizes:     COMMON   BANK0   BANK1   BANK2   BANK3   BANK4   BANK5   BANK6
      Params:         0       0       0       0       0       0       0       0
      Locals:         0       0       0       0       0       0       0       0
      Temps:          0       0       0       0       0       0       0       0
      Totals:         0       0       0       0       0       0       0       0
Total ram usage:        0 bytes
 Hardware stack levels used:    1
 Hardware stack levels required when called:    1
 This function calls:
		Nothing
 This function is called by:
		_driver_init
 This function uses a non-reentrant model


 *************** function _init_input *****************
 Defined at:
		line 18 in file "D:\BYT-WORK\BYT-MCU\byt-fccs-vtest\src\input.c"
 Parameters:    Size  Location     Type
		None
 Auto vars:     Size  Location     Type
		None
 Return value:  Size  Location     Type
		None               void
 Registers used:
		None
 Tracked objects:
		On entry : 
		On exit  : 
		Unchanged: 
 Data sizes:     COMMON   BANK0   BANK1   BANK2   BANK3   BANK4   BANK5   BANK6
      Params:         0       0       0       0       0       0       0       0
      Locals:         0       0       0       0       0       0       0       0
      Temps:          0       0       0       0       0       0       0       0
      Totals:         0       0       0       0       0       0       0       0
Total ram usage:        0 bytes
 Hardware stack levels used:    1
 Hardware stack levels required when called:    1
 This function calls:
		Nothing
 This function is called by:
		_driver_init
 This function uses a non-reentrant model


 *************** function _delay_ms *****************
 Defined at:
		line 26 in file "D:\BYT-WORK\BYT-MCU\byt-fccs-vtest\src\delay.c"
 Parameters:    Size  Location     Type
  count           2    0[BANK0 ] unsigned int 
 Auto vars:     Size  Location     Type
  j               2    4[BANK0 ] unsigned short 
  i               2    2[BANK0 ] unsigned short 
 Return value:  Size  Location     Type
		None               void
 Registers used:
		wreg, status,2
 Tracked objects:
		On entry : 
		On exit  : 
		Unchanged: 
 Data sizes:     COMMON   BANK0   BANK1   BANK2   BANK3   BANK4   BANK5   BANK6
      Params:         0       2       0       0       0       0       0       0
      Locals:         0       4       0       0       0       0       0       0
      Temps:          0       0       0       0       0       0       0       0
      Totals:         0       6       0       0       0       0       0       0
Total ram usage:        6 bytes
 Hardware stack levels used:    1
 Hardware stack levels required when called:    1
 This function calls:
		Nothing
 This function is called by:
		_main
 This function uses a non-reentrant model


 *************** function _application_init *****************
 Defined at:
		line 189 in file "D:\BYT-WORK\BYT-MCU\byt-fccs-vtest\src\main.c"
 Parameters:    Size  Location     Type
		None
 Auto vars:     Size  Location     Type
		None
 Return value:  Size  Location     Type
		None               void
 Registers used:
		status,2
 Tracked objects:
		On entry : 
		On exit  : 
		Unchanged: 
 Data sizes:     COMMON   BANK0   BANK1   BANK2   BANK3   BANK4   BANK5   BANK6
      Params:         0       0       0       0       0       0       0       0
      Locals:         0       0       0       0       0       0       0       0
      Temps:          0       0       0       0       0       0       0       0
      Totals:         0       0       0       0       0       0       0       0
Total ram usage:        0 bytes
 Hardware stack levels used:    1
 Hardware stack levels required when called:    1
 This function calls:
		Nothing
 This function is called by:
		_main
 This function uses a non-reentrant model


 *************** function _isr *****************
 Defined at:
		line 21 in file "D:\BYT-WORK\BYT-MCU\byt-fccs-vtest\src\interrupt.c"
 Parameters:    Size  Location     Type
		None
 Auto vars:     Size  Location     Type
  r2_data         1    4[COMMON] unsigned char 
  r1_data         1    3[COMMON] unsigned char 
 Return value:  Size  Location     Type
		None               void
 Registers used:
		wreg, fsr1l, fsr1h, status,2, status,0
 Tracked objects:
		On entry : 
		On exit  : 
		Unchanged: 
 Data sizes:     COMMON   BANK0   BANK1   BANK2   BANK3   BANK4   BANK5   BANK6
      Params:         0       0       0       0       0       0       0       0
      Locals:         2       0       0       0       0       0       0       0
      Temps:          3       0       0       0       0       0       0       0
      Totals:         5       0       0       0       0       0       0       0
Total ram usage:        5 bytes
 Hardware stack levels used:    1
 This function calls:
		Nothing
 This function is called by:
		Interrupt level 1
 This function uses a non-reentrant model



MODULE INFORMATION

Module		Function		Class		Link	Load	Size
D:\BYT-WORK\BYT-MCU\byt-fccs-vtest\src\handle_rs485.c
		_handle_uart1_b		CODE           	05A6	0000	113
		_handle_uart2_b		CODE           	0617	0000	41
		_get_slave_addr		CODE           	06D4	0000	23

D:\BYT-WORK\BYT-MCU\byt-fccs-vtest\src\handle_rs485.c estimated size: 177

D:\BYT-WORK\BYT-MCU\byt-fccs-vtest\src\input.c
		_init_input    		CODE           	06BC	0000	24
		_read_node     		CODE           	0301	0000	371

D:\BYT-WORK\BYT-MCU\byt-fccs-vtest\src\input.c estimated size: 395

shared
		__stringtab    		STRCODE        	0100	0000	1
		__initializatio		CODE           	00CB	0000	26
		_CRC_TABLE_H   		STRCODE        	0101	0000	256
		_CRC_TABLE_L   		STRCODE        	0201	0000	256

shared estimated size: 539

D:\BYT-WORK\BYT-MCU\byt-fccs-vtest\src\main.c
		_middle_init   		CODE           	0786	0000	3
		_driver_init   		CODE           	0689	0000	27
		_init_port     		CODE           	077F	0000	7
		_main          		CODE           	0519	0000	141
		_application_in		CODE           	0764	0000	10
		_init_osc      		CODE           	0777	0000	8

D:\BYT-WORK\BYT-MCU\byt-fccs-vtest\src\main.c estimated size: 196

D:\BYT-WORK\BYT-MCU\byt-fccs-vtest\src\delay.c
		_delay_ms      		CODE           	0640	0000	38

D:\BYT-WORK\BYT-MCU\byt-fccs-vtest\src\delay.c estimated size: 38

D:\BYT-WORK\BYT-MCU\byt-fccs-vtest\src\output.c
		_write_node    		CODE           	0474	0000	165
		_init_output   		CODE           	0666	0000	35

D:\BYT-WORK\BYT-MCU\byt-fccs-vtest\src\output.c estimated size: 200

D:\BYT-WORK\BYT-MCU\byt-fccs-vtest\src\led.c
		_init_led      		CODE           	076E	0000	9

D:\BYT-WORK\BYT-MCU\byt-fccs-vtest\src\led.c estimated size: 9

D:\BYT-WORK\BYT-MCU\byt-fccs-vtest\src\interrupt.c
		_init_interrupt		CODE           	0789	0000	3
		_isr           		CODE           	0004	0000	197

D:\BYT-WORK\BYT-MCU\byt-fccs-vtest\src\interrupt.c estimated size: 200

D:\BYT-WORK\BYT-MCU\byt-fccs-vtest\src\timer.c
		_init_timer1   		CODE           	0758	0000	12

D:\BYT-WORK\BYT-MCU\byt-fccs-vtest\src\timer.c estimated size: 12

D:\BYT-WORK\BYT-MCU\byt-fccs-vtest\src\uart.c
		_uart1_send_byt		CODE           	073C	0000	16
		_uart2_send_byt		CODE           	072C	0000	16
		_init_uart1    		CODE           	0717	0000	21
		_init_uart2    		CODE           	0702	0000	21
		_uart1_send_nby		CODE           	06A4	0000	24
		_uart2_send_nby		CODE           	06EB	0000	23

D:\BYT-WORK\BYT-MCU\byt-fccs-vtest\src\uart.c estimated size: 121

